src/components/chat/chat.tsx(398,16): error TS2322: Type '{ children: Element; className: string; initial: { opacity: number; y: number; }; animate: { opacity: number; y: number; }; exit: { opacity: number; y: number; }; transition: { duration: number; ease: string; }; }' is not assignable to type 'Omit<HTMLMotionProps<"div">, "ref">'.
  Types of property 'transition' are incompatible.
    Type '{ duration: number; ease: string; }' is not assignable to type 'Transition<any> | undefined'.
      Type '{ duration: number; ease: string; }' is not assignable to type 'TransitionWithValueOverrides<any>'.
        Type '{ duration: number; ease: string; }' is not assignable to type 'ValueAnimationTransition<any>'.
          Types of property 'ease' are incompatible.
            Type 'string' is not assignable to type 'Easing | Easing[] | undefined'.
src/components/chat/chat.tsx(427,16): error TS2322: Type '{ children: Element; initial: { opacity: number; y: number; }; animate: { opacity: number; y: number; }; exit: { opacity: number; y: number; }; transition: { duration: number; ease: string; }; key: string; className: string; }' is not assignable to type 'Omit<HTMLMotionProps<"div">, "ref">'.
  Types of property 'transition' are incompatible.
    Type '{ duration: number; ease: string; }' is not assignable to type 'Transition<any> | undefined'.
      Type '{ duration: number; ease: string; }' is not assignable to type 'TransitionWithValueOverrides<any>'.
        Type '{ duration: number; ease: string; }' is not assignable to type 'ValueAnimationTransition<any>'.
          Types of property 'ease' are incompatible.
            Type 'string' is not assignable to type 'Easing | Easing[] | undefined'.
src/components/chat/chat.tsx(445,18): error TS2322: Type '{ children: Element; className: string; initial: { opacity: number; y: number; }; animate: { opacity: number; y: number; }; exit: { opacity: number; y: number; }; transition: { duration: number; ease: string; }; key: string; }' is not assignable to type 'Omit<HTMLMotionProps<"div">, "ref">'.
  Types of property 'transition' are incompatible.
    Type '{ duration: number; ease: string; }' is not assignable to type 'Transition<any> | undefined'.
      Type '{ duration: number; ease: string; }' is not assignable to type 'TransitionWithValueOverrides<any>'.
        Type '{ duration: number; ease: string; }' is not assignable to type 'ValueAnimationTransition<any>'.
          Types of property 'ease' are incompatible.
            Type 'string' is not assignable to type 'Easing | Easing[] | undefined'.
src/components/chat/simple-chat-view.tsx(82,6): error TS2322: Type '{ children: Element; className: string; initial: { opacity: number; y: number; }; animate: { opacity: number; y: number; }; exit: { opacity: number; y: number; }; transition: { duration: number; ease: string; }; }' is not assignable to type 'Omit<HTMLMotionProps<"div">, "ref">'.
  Types of property 'transition' are incompatible.
    Type '{ duration: number; ease: string; }' is not assignable to type 'Transition<any> | undefined'.
      Type '{ duration: number; ease: string; }' is not assignable to type 'TransitionWithValueOverrides<any>'.
        Type '{ duration: number; ease: string; }' is not assignable to type 'ValueAnimationTransition<any>'.
          Types of property 'ease' are incompatible.
            Type 'string' is not assignable to type 'Easing | Easing[] | undefined'.
src/components/presentation.tsx(79,13): error TS2322: Type '{ hidden: { opacity: number; y: number; }; visible: { opacity: number; y: number; transition: { duration: number; ease: string; }; }; }' is not assignable to type 'Variants'.
  Property 'visible' is incompatible with index signature.
    Type '{ opacity: number; y: number; transition: { duration: number; ease: string; }; }' is not assignable to type 'Variant'.
      Type '{ opacity: number; y: number; transition: { duration: number; ease: string; }; }' is not assignable to type 'TargetAndTransition'.
        Type '{ opacity: number; y: number; transition: { duration: number; ease: string; }; }' is not assignable to type '{ transition?: Transition<any> | undefined; transitionEnd?: ResolvedValues$1 | undefined; }'.
          Types of property 'transition' are incompatible.
            Type '{ duration: number; ease: string; }' is not assignable to type 'Transition<any> | undefined'.
              Type '{ duration: number; ease: string; }' is not assignable to type 'TransitionWithValueOverrides<any>'.
                Type '{ duration: number; ease: string; }' is not assignable to type 'ValueAnimationTransition<any>'.
                  Types of property 'ease' are incompatible.
                    Type 'string' is not assignable to type 'Easing | Easing[] | undefined'.
src/components/presentation.tsx(94,13): error TS2322: Type '{ hidden: { opacity: number; y: number; }; visible: { opacity: number; y: number; transition: { duration: number; ease: string; delay: number; }; }; }' is not assignable to type 'Variants'.
  Property 'visible' is incompatible with index signature.
    Type '{ opacity: number; y: number; transition: { duration: number; ease: string; delay: number; }; }' is not assignable to type 'Variant'.
      Type '{ opacity: number; y: number; transition: { duration: number; ease: string; delay: number; }; }' is not assignable to type 'TargetAndTransition'.
        Type '{ opacity: number; y: number; transition: { duration: number; ease: string; delay: number; }; }' is not assignable to type '{ transition?: Transition<any> | undefined; transitionEnd?: ResolvedValues$1 | undefined; }'.
          Types of property 'transition' are incompatible.
            Type '{ duration: number; ease: string; delay: number; }' is not assignable to type 'Transition<any> | undefined'.
              Type '{ duration: number; ease: string; delay: number; }' is not assignable to type 'TransitionWithValueOverrides<any>'.
                Type '{ duration: number; ease: string; delay: number; }' is not assignable to type 'ValueAnimationTransition<any>'.
                  Types of property 'ease' are incompatible.
                    Type 'string' is not assignable to type 'Easing | Easing[] | undefined'.
src/components/projects/apple-cards-carousel.tsx(143,21): error TS2322: Type '{ opacity: number; y: number; transition: { duration: number; delay: number; ease: "easeOut"; once: true; }; }' is not assignable to type 'boolean | TargetAndTransition | VariantLabels | LegacyAnimationControls | undefined'.
  Types of property 'transition' are incompatible.
    Object literal may only specify known properties, and 'once' does not exist in type 'Transition<any>'.
src/components/skills.tsx(108,17): error TS2322: Type '{ hidden: { opacity: number; y: number; }; visible: { opacity: number; y: number; transition: { duration: number; ease: number[]; }; }; }' is not assignable to type 'Variants'.
  Property 'visible' is incompatible with index signature.
    Type '{ opacity: number; y: number; transition: { duration: number; ease: number[]; }; }' is not assignable to type 'Variant'.
      Type '{ opacity: number; y: number; transition: { duration: number; ease: number[]; }; }' is not assignable to type 'TargetAndTransition'.
        Type '{ opacity: number; y: number; transition: { duration: number; ease: number[]; }; }' is not assignable to type '{ transition?: Transition<any> | undefined; transitionEnd?: ResolvedValues$1 | undefined; }'.
          Types of property 'transition' are incompatible.
            Type '{ duration: number; ease: number[]; }' is not assignable to type 'Transition<any> | undefined'.
              Type '{ duration: number; ease: number[]; }' is not assignable to type 'TransitionWithValueOverrides<any>'.
                Type '{ duration: number; ease: number[]; }' is not assignable to type 'ValueAnimationTransition<any>'.
                  Types of property 'ease' are incompatible.
                    Type 'number[]' is not assignable to type 'Easing | Easing[] | undefined'.
                      Type 'number[]' is not assignable to type 'EasingFunction | Easing[]'.
                        Type 'number[]' is not assignable to type 'Easing[]'.
                          Type 'number' is not assignable to type 'Easing'.
src/components/skills.tsx(126,23): error TS2322: Type '{ hidden: { opacity: number; scale: number; }; visible: { opacity: number; scale: number; transition: { duration: number; ease: string; }; }; }' is not assignable to type 'Variants'.
  Property 'visible' is incompatible with index signature.
    Type '{ opacity: number; scale: number; transition: { duration: number; ease: string; }; }' is not assignable to type 'Variant'.
      Type '{ opacity: number; scale: number; transition: { duration: number; ease: string; }; }' is not assignable to type 'TargetAndTransition'.
        Type '{ opacity: number; scale: number; transition: { duration: number; ease: string; }; }' is not assignable to type '{ transition?: Transition<any> | undefined; transitionEnd?: ResolvedValues$1 | undefined; }'.
          Types of property 'transition' are incompatible.
            Type '{ duration: number; ease: string; }' is not assignable to type 'Transition<any> | undefined'.
              Type '{ duration: number; ease: string; }' is not assignable to type 'TransitionWithValueOverrides<any>'.
                Type '{ duration: number; ease: string; }' is not assignable to type 'ValueAnimationTransition<any>'.
                  Types of property 'ease' are incompatible.
                    Type 'string' is not assignable to type 'Easing | Easing[] | undefined'.
